// Jest Snapshot v1, https://goo.gl/fbAQLP

exports[`NewsSearch container renders NewsSearch 1`] = `
<DocumentFragment>
  <div>
    <input
      type="text"
      value=""
    />
  </div>
  <div>
    <ul />
  </div>
</DocumentFragment>
`;
